// Jest Snapshot v1, https://goo.gl/fbAQLP

exports[`DetailTable renders as expected 1`] = `
<div>
  <FilteredList
    addValues={[Function]}
    multi={true}
    options={
      Array [
        "foo",
        "bar",
        "baz",
      ]
    }
    removeValues={[Function]}
    setValue={[Function]}
    value={
      Set {
        "bar",
        "baz",
      }
    }
  />
  <div
    className="DetailDropdown--Footer"
  >
    <Tooltip
      arrowPointAtCenter={false}
      autoAdjustOverflow={true}
      mouseEnterDelay={0.1}
      mouseLeaveDelay={0.1}
      placement="top"
      prefixCls="ant-tooltip"
      title="Remove filter from this column"
      transitionName="zoom-big-fast"
    >
      <Button
        block={false}
        className="DetailDropdown--Btn Clear"
        ghost={false}
        loading={false}
        onClick={[MockFunction]}
        prefixCls="ant-btn"
      >
        <FaTrash
          size={18}
        />
        Clear Filter
      </Button>
    </Tooltip>
    <div
      className="DetailDropdown--Footer--CancelConfirm"
    >
      <Tooltip
        arrowPointAtCenter={false}
        autoAdjustOverflow={true}
        mouseEnterDelay={0.1}
        mouseLeaveDelay={0.1}
        placement="top"
        prefixCls="ant-tooltip"
        title="Cancel changes to this column's filter"
        transitionName="zoom-big-fast"
      >
        <Button
          block={false}
          className="DetailDropdown--Btn Cancel"
          ghost={false}
          loading={false}
          onClick={[Function]}
          prefixCls="ant-btn"
        >
          <TiCancel
            size={20}
          />
          Cancel
        </Button>
      </Tooltip>
      <Tooltip
        arrowPointAtCenter={false}
        autoAdjustOverflow={true}
        mouseEnterDelay={0.1}
        mouseLeaveDelay={0.1}
        placement="top"
        prefixCls="ant-tooltip"
        title="Apply changes to this column's filter\\\\nSame effect as clicking outside the dropdown"
        transitionName="zoom-big-fast"
      >
        <Button
          block={false}
          className="DetailDropdown--Btn Apply"
          ghost={false}
          loading={false}
          onClick={[Function]}
          prefixCls="ant-btn"
        >
          <FaCheck
            size={18}
          />
          Apply
        </Button>
      </Tooltip>
    </div>
  </div>
</div>
`;
