// Jest Snapshot v1, https://goo.gl/fbAQLP

exports[`GraphSearch rendering renders as expected 1`] = `
<div
  className="GraphSearch"
>
  <Input
    className="GraphSearch--input"
    disabled={false}
    onBlur={[Function]}
    onChange={[Function]}
    prefixCls="ant-input"
    type="text"
    value={null}
  />
  <Icon
    className="GraphSearch--icon"
    onClick={[Function]}
    type="search"
  />
</div>
`;
