// Jest Snapshot v1, https://goo.gl/fbAQLP

exports[`UIFind rendering renders as expected 1`] = `
<Input
  className="UIFind--input"
  disabled={false}
  onBlur={[Function]}
  onChange={[Function]}
  prefixCls="ant-input"
  type="text"
  value={null}
/>
`;
